// Vitest Snapshot v1, https://vitest.dev/guide/snapshot.html

exports[`API route table > pins the access each route requires 1`] = `
[
  "DELETE /api/admin/organizations/:organizationId/members/:memberId → system-admin",
  "DELETE /api/mcp → public",
  "DELETE /api/organizations/:organizationId/teams/:teamId → org teams:manage [admin+]",
  "DELETE /api/sites/:siteId → site sites:delete [admin+]",
  "DELETE /api/sites/:siteId/annotations/:annotationId → site annotations:write [member+]",
  "DELETE /api/sites/:siteId/dashboards/:dashboardId → site dashboards:write [member+]",
  "DELETE /api/sites/:siteId/experiments/:experimentId → site experiments:write [editor+]",
  "DELETE /api/sites/:siteId/feature-flags/:flagId → site flags:write [editor+]",
  "DELETE /api/sites/:siteId/funnels/:funnelId → site funnels:write [member+]",
  "DELETE /api/sites/:siteId/goals/:goalId → site goals:write [member+]",
  "DELETE /api/sites/:siteId/gsc/disconnect → site gsc:write [editor+]",
  "DELETE /api/sites/:siteId/imports/:importId → site imports:write [editor+]",
  "DELETE /api/sites/:siteId/segments/:segmentId → site segments:write [member+]",
  "DELETE /api/sites/:siteId/session-replay/:sessionId → site replay:delete [editor+]",
  "DELETE /api/sites/:siteId/transfer → site sites:transfer [admin+]",
  "DELETE /api/sites/:siteId/users/:userId → site users:delete [editor+]",
  "GET    /api/admin/clickhouse-query-log → system-admin",
  "GET    /api/admin/clickhouse-stats → system-admin",
  "GET    /api/admin/organization-options → system-admin",
  "GET    /api/admin/organizations → system-admin",
  "GET    /api/admin/organizations/:organizationId/members/:memberId → system-admin",
  "GET    /api/admin/service-event-count → system-admin",
  "GET    /api/admin/sites → system-admin",
  "GET    /api/admin/subscription-plans → system-admin",
  "GET    /api/config → public",
  "GET    /api/gsc/callback → public",
  "GET    /api/health → public",
  "GET    /api/mcp → public",
  "GET    /api/org-event-count/:organizationId → org analytics:read [viewer+]",
  "GET    /api/organizations → public",
  "GET    /api/organizations/:organizationId/api-usage → org org:read [viewer+]",
  "GET    /api/organizations/:organizationId/members → org org:read [viewer+]",
  "GET    /api/organizations/:organizationId/sites → org org:read [viewer+]",
  "GET    /api/organizations/:organizationId/teams → org org:read [viewer+]",
  "GET    /api/site-transfers/:transferId → authenticated",
  "GET    /api/site/check-install → public",
  "GET    /api/site/tracking-config/:siteId → public",
  "GET    /api/sites/:siteId → site sites:read [viewer+] (or public)",
  "GET    /api/sites/:siteId/annotations → site annotations:read [viewer+] (or public)",
  "GET    /api/sites/:siteId/bots/ai-summary → site analytics:read [viewer+] (or public)",
  "GET    /api/sites/:siteId/bots/by-dimension → site analytics:read [viewer+] (or public)",
  "GET    /api/sites/:siteId/bots/overview → site analytics:read [viewer+] (or public)",
  "GET    /api/sites/:siteId/bots/time-series → site analytics:read [viewer+] (or public)",
  "GET    /api/sites/:siteId/dashboards → site dashboards:read [viewer+]",
  "GET    /api/sites/:siteId/dashboards/:dashboardId → site dashboards:read [viewer+]",
  "GET    /api/sites/:siteId/embed-stats → public",
  "GET    /api/sites/:siteId/errors/events → site analytics:read [viewer+] (or public)",
  "GET    /api/sites/:siteId/errors/names → site analytics:read [viewer+] (or public)",
  "GET    /api/sites/:siteId/errors/time-series → site analytics:read [viewer+] (or public)",
  "GET    /api/sites/:siteId/events → site events:read [viewer+] (or public)",
  "GET    /api/sites/:siteId/events/autocapture → site events:read [viewer+] (or public)",
  "GET    /api/sites/:siteId/events/autocapture-values → site events:read [viewer+] (or public)",
  "GET    /api/sites/:siteId/events/count → site events:read [viewer+] (or public)",
  "GET    /api/sites/:siteId/events/names → site events:read [viewer+] (or public)",
  "GET    /api/sites/:siteId/events/outbound → site events:read [viewer+] (or public)",
  "GET    /api/sites/:siteId/events/properties → site events:read [viewer+] (or public)",
  "GET    /api/sites/:siteId/events/time-series → site events:read [viewer+] (or public)",
  "GET    /api/sites/:siteId/excluded-asns → site sites:read [viewer+]",
  "GET    /api/sites/:siteId/excluded-countries → site sites:read [viewer+]",
  "GET    /api/sites/:siteId/excluded-hostnames → site sites:read [viewer+]",
  "GET    /api/sites/:siteId/excluded-ips → site sites:read [viewer+]",
  "GET    /api/sites/:siteId/excluded-paths → site sites:read [viewer+]",
  "GET    /api/sites/:siteId/excluded-query-params → site sites:read [viewer+]",
  "GET    /api/sites/:siteId/excluded-user-agents → site sites:read [viewer+]",
  "GET    /api/sites/:siteId/experiments → site experiments:read [viewer+]",
  "GET    /api/sites/:siteId/experiments/:experimentId/results → site experiments:read [viewer+]",
  "GET    /api/sites/:siteId/experiments/:experimentId/timeseries → site experiments:read [viewer+]",
  "GET    /api/sites/:siteId/export/pdf → site analytics:read [viewer+]",
  "GET    /api/sites/:siteId/feature-flags → site flags:read [viewer+]",
  "GET    /api/sites/:siteId/funnels → site funnels:read [viewer+] (or public)",
  "GET    /api/sites/:siteId/goals → site goals:read [viewer+] (or public)",
  "GET    /api/sites/:siteId/goals/:goalId/sessions → site goals:read [viewer+] (or public)",
  "GET    /api/sites/:siteId/goals/time-series → site goals:read [viewer+] (or public)",
  "GET    /api/sites/:siteId/gsc/connect → site gsc:write [editor+]",
  "GET    /api/sites/:siteId/gsc/data → site gsc:read [viewer+] (or public)",
  "GET    /api/sites/:siteId/gsc/status → site gsc:read [viewer+] (or public)",
  "GET    /api/sites/:siteId/has-data → site sites:read [viewer+] (or public)",
  "GET    /api/sites/:siteId/imports → site imports:read [editor+]",
  "GET    /api/sites/:siteId/is-public → site sites:read [viewer+] (or public)",
  "GET    /api/sites/:siteId/journeys → site analytics:read [viewer+] (or public)",
  "GET    /api/sites/:siteId/live-user-count → site analytics:read [viewer+] (or public)",
  "GET    /api/sites/:siteId/metric → site analytics:read [viewer+] (or public)",
  "GET    /api/sites/:siteId/metric-lite → site analytics:read [viewer+] (or public)",
  "GET    /api/sites/:siteId/overview → site analytics:read [viewer+] (or public)",
  "GET    /api/sites/:siteId/overview-bucketed-lite → site analytics:read [viewer+] (or public)",
  "GET    /api/sites/:siteId/overview-lite → site analytics:read [viewer+] (or public)",
  "GET    /api/sites/:siteId/overview/time-series → site analytics:read [viewer+] (or public)",
  "GET    /api/sites/:siteId/page-titles → site analytics:read [viewer+] (or public)",
  "GET    /api/sites/:siteId/performance/by-dimension → site analytics:read [viewer+] (or public)",
  "GET    /api/sites/:siteId/performance/overview → site analytics:read [viewer+] (or public)",
  "GET    /api/sites/:siteId/performance/time-series → site analytics:read [viewer+] (or public)",
  "GET    /api/sites/:siteId/private-link-config → site sites:configure [editor+]",
  "GET    /api/sites/:siteId/retention → site analytics:read [viewer+] (or public)",
  "GET    /api/sites/:siteId/segments → site segments:read [viewer+] (or public)",
  "GET    /api/sites/:siteId/segments/:segmentId → site segments:read [viewer+] (or public)",
  "GET    /api/sites/:siteId/session-replay/:sessionId → site replay:read [viewer+] (or public)",
  "GET    /api/sites/:siteId/session-replay/list → site replay:read [viewer+] (or public)",
  "GET    /api/sites/:siteId/sessions → site sessions:read [viewer+] (or public)",
  "GET    /api/sites/:siteId/sessions/:sessionId → site sessions:read [viewer+] (or public)",
  "GET    /api/sites/:siteId/sessions/locations → site sessions:read [viewer+] (or public)",
  "GET    /api/sites/:siteId/transfer → site sites:transfer [admin+]",
  "GET    /api/sites/:siteId/usage → site sites:read [viewer+]",
  "GET    /api/sites/:siteId/user-traits/keys → site users:read [viewer+] (or public)",
  "GET    /api/sites/:siteId/user-traits/users → site users:read [viewer+] (or public)",
  "GET    /api/sites/:siteId/user-traits/values → site users:read [viewer+] (or public)",
  "GET    /api/sites/:siteId/users → site users:read [viewer+] (or public)",
  "GET    /api/sites/:siteId/users/:userId → site users:read [viewer+] (or public)",
  "GET    /api/sites/:siteId/users/session-count → site users:read [viewer+] (or public)",
  "GET    /api/stripe/invoices → authenticated",
  "GET    /api/stripe/subscription → authenticated",
  "GET    /api/user/organizations → authenticated",
  "GET    /api/user/unsubscribe-marketing-oneclick → public",
  "GET    /api/version → public",
  "PATCH  /api/admin/organizations/:organizationId/members/:memberId → system-admin",
  "POST   /api/admin/telemetry → public",
  "POST   /api/as/activate → authenticated",
  "POST   /api/as/webhook → public",
  "POST   /api/mcp → public",
  "POST   /api/organizations/:organizationId/analytics/query → org sql:read [viewer+]",
  "POST   /api/organizations/:organizationId/analytics/query/generate → org sql:read [viewer+]",
  "POST   /api/organizations/:organizationId/api-keys → org apikeys:manage [admin+]",
  "POST   /api/organizations/:organizationId/members → org members:manage [admin+]",
  "POST   /api/organizations/:organizationId/site-cards → org analytics:read [viewer+]",
  "POST   /api/organizations/:organizationId/site-cards-lite → org analytics:read [viewer+]",
  "POST   /api/organizations/:organizationId/sites → org sites:create [admin+]",
  "POST   /api/organizations/:organizationId/teams → org teams:manage [admin+]",
  "POST   /api/organizations/:organizationId/users → org members:manage [admin+]",
  "POST   /api/session-replay/record/:siteId → public",
  "POST   /api/site-transfers/:transferId/accept → authenticated",
  "POST   /api/site-transfers/:transferId/decline → authenticated",
  "POST   /api/site/:siteId/feature-flags/evaluate → public",
  "POST   /api/sites/:siteId/annotations → site annotations:write [member+]",
  "POST   /api/sites/:siteId/claim → authenticated",
  "POST   /api/sites/:siteId/dashboards → site dashboards:write [member+]",
  "POST   /api/sites/:siteId/dashboards/run-card → site dashboards:read [viewer+]",
  "POST   /api/sites/:siteId/experiments → site experiments:write [editor+]",
  "POST   /api/sites/:siteId/feature-flags → site flags:write [editor+]",
  "POST   /api/sites/:siteId/feature-flags/evaluate → site flags:read [viewer+]",
  "POST   /api/sites/:siteId/funnels → site funnels:write [member+]",
  "POST   /api/sites/:siteId/funnels/:stepNumber/sessions → site funnels:read [viewer+] (or public)",
  "POST   /api/sites/:siteId/funnels/analyze → site funnels:read [viewer+] (or public)",
  "POST   /api/sites/:siteId/goals → site goals:write [member+]",
  "POST   /api/sites/:siteId/gsc/select-property → site gsc:write [editor+]",
  "POST   /api/sites/:siteId/imports → site imports:write [editor+]",
  "POST   /api/sites/:siteId/imports/:importId/events → site imports:write [editor+]",
  "POST   /api/sites/:siteId/private-link-config → site sites:configure [editor+]",
  "POST   /api/sites/:siteId/segments → site segments:write [member+]",
  "POST   /api/sites/:siteId/transfer → site sites:transfer [admin+]",
  "POST   /api/sites/:siteId/users/identify → site users:write [member+]",
  "POST   /api/sites/unclaimed → public",
  "POST   /api/stripe/cancellation-feedback → authenticated",
  "POST   /api/stripe/create-checkout-session → authenticated",
  "POST   /api/stripe/create-portal-session → authenticated",
  "POST   /api/stripe/preview-subscription-update → authenticated",
  "POST   /api/stripe/update-subscription → authenticated",
  "POST   /api/stripe/webhook → public",
  "POST   /api/user/account-settings → authenticated",
  "POST   /api/user/api-keys → authenticated",
  "POST   /api/user/unsubscribe-marketing → authenticated",
  "POST   /api/user/unsubscribe-marketing-oneclick → public",
  "PUT    /api/admin/organizations/:organizationId/subscription-override → system-admin",
  "PUT    /api/admin/sites/:siteId/move → system-admin",
  "PUT    /api/organizations/:organizationId/members/:memberId/sites → org members:manage [admin+]",
  "PUT    /api/organizations/:organizationId/teams/:teamId → org teams:manage [admin+]",
  "PUT    /api/sites/:siteId/annotations/:annotationId → site annotations:write [member+]",
  "PUT    /api/sites/:siteId/config → site sites:configure [editor+]",
  "PUT    /api/sites/:siteId/dashboards/:dashboardId → site dashboards:write [member+]",
  "PUT    /api/sites/:siteId/experiments/:experimentId → site experiments:write [editor+]",
  "PUT    /api/sites/:siteId/feature-flags/:flagId → site flags:write [editor+]",
  "PUT    /api/sites/:siteId/goals/:goalId → site goals:write [member+]",
  "PUT    /api/sites/:siteId/move → site sites:transfer [admin+]",
  "PUT    /api/sites/:siteId/segments/:segmentId → site segments:write [member+]",
  "PUT    /api/sites/:siteId/users/:userId/traits → site users:write [member+]",
]
`;
